[0.006s][info][gc] Using Serial
[4.692s][info][gc] GC(0) Pause Young (Allocation Failure) 4M->2M(15M) 3.606ms
[4.754s][info][gc] GC(1) Pause Young (Allocation Failure) 6M->2M(15M) 2.804ms
[4.795s][info][gc] GC(2) Pause Young (Allocation Failure) 7M->3M(15M) 1.358ms
[5.029s][info][gc] GC(3) Pause Young (Allocation Failure) 7M->3M(15M) 1.303ms
[6.236s][info][gc] GC(4) Pause Young (Allocation Failure) 7M->4M(15M) 3.788ms
[37.241s][info][gc] GC(5) Pause Young (Allocation Failure) 8M->4M(15M) 2.139ms
[39.720s][info][gc] GC(6) Pause Young (Allocation Failure) 8M->5M(15M) 2.487ms
[39.729s][info][gc] GC(7) Pause Young (Allocation Failure) 10M->7M(15M) 2.445ms
[39.738s][info][gc] GC(8) Pause Young (Allocation Failure) 11M->8M(15M) 2.326ms
[39.757s][info][gc] GC(9) Pause Young (Allocation Failure) 12M->9M(15M) 2.233ms
[39.763s][info][gc] GC(10) Pause Young (Allocation Failure) 13M->13M(15M) 0.023ms
[39.778s][info][gc] GC(11) Pause Full (Allocation Failure) 13M->7M(15M) 14.543ms
[39.788s][info][gc] GC(12) Pause Young (Allocation Failure) 11M->8M(15M) 2.460ms
[39.793s][info][gc] GC(13) Pause Young (Allocation Failure) 13M->10M(15M) 1.874ms
[39.797s][info][gc] GC(14) Pause Young (Allocation Failure) 14M->14M(15M) 0.028ms
[39.809s][info][gc] GC(15) Pause Full (Allocation Failure) 14M->6M(15M) 12.130ms
[39.815s][info][gc] GC(16) Pause Young (Allocation Failure) 10M->8M(15M) 1.703ms
[60.247s][info][gc] GC(17) Pause Young (Allocation Failure) 12M->8M(15M) 1.508ms
[96.292s][info][gc] GC(18) Pause Young (Allocation Failure) 12M->8M(15M) 0.655ms
[96.801s][info][gc] GC(19) Pause Young (Allocation Failure) 12M->9M(15M) 2.191ms
[96.805s][info][gc] GC(20) Pause Young (Allocation Failure) 13M->13M(15M) 0.032ms
[96.819s][info][gc] GC(21) Pause Full (Allocation Failure) 13M->6M(15M) 14.650ms
[96.825s][info][gc] GC(22) Pause Young (Allocation Failure) 10M->7M(15M) 2.155ms
[96.831s][info][gc] GC(23) Pause Young (Allocation Failure) 12M->9M(15M) 2.020ms
[96.835s][info][gc] GC(24) Pause Young (Allocation Failure) 13M->13M(15M) 0.033ms
[96.848s][info][gc] GC(25) Pause Full (Allocation Failure) 13M->6M(15M) 13.295ms
[96.854s][info][gc] GC(26) Pause Young (Allocation Failure) 10M->7M(15M) 2.256ms
[96.859s][info][gc] GC(27) Pause Young (Allocation Failure) 12M->9M(15M) 1.991ms
[96.864s][info][gc] GC(28) Pause Young (Allocation Failure) 13M->10M(15M) 1.987ms
[96.868s][info][gc] GC(29) Pause Young (Allocation Failure) 14M->14M(15M) 0.027ms
[96.882s][info][gc] GC(30) Pause Full (Allocation Failure) 14M->6M(15M) 14.176ms
[123.314s][info][gc] GC(31) Pause Young (Allocation Failure) 11M->7M(15M) 1.446ms
