[0.007s][info][gc] Using Serial
[4.484s][info][gc] GC(0) Pause Young (Allocation Failure) 4M->2M(15M) 3.779ms
[4.545s][info][gc] GC(1) Pause Young (Allocation Failure) 6M->2M(15M) 2.938ms
[4.589s][info][gc] GC(2) Pause Young (Allocation Failure) 7M->4M(15M) 3.409ms
[4.808s][info][gc] GC(3) Pause Young (Allocation Failure) 8M->4M(15M) 2.067ms
[6.009s][info][gc] GC(4) Pause Young (Allocation Failure) 8M->5M(15M) 2.761ms
[36.036s][info][gc] GC(5) Pause Young (Allocation Failure) 9M->5M(15M) 1.815ms
[36.904s][info][gc] GC(6) Pause Young (Allocation Failure) 9M->6M(15M) 2.280ms
[36.914s][info][gc] GC(7) Pause Young (Allocation Failure) 10M->6M(15M) 2.480ms
[36.923s][info][gc] GC(8) Pause Young (Allocation Failure) 11M->7M(15M) 2.098ms
[36.941s][info][gc] GC(9) Pause Young (Allocation Failure) 11M->7M(15M) 2.200ms
[36.948s][info][gc] GC(10) Pause Young (Allocation Failure) 12M->8M(15M) 1.773ms
[36.954s][info][gc] GC(11) Pause Young (Allocation Failure) 12M->8M(15M) 1.344ms
[36.960s][info][gc] GC(12) Pause Young (Allocation Failure) 13M->9M(15M) 1.300ms
[36.966s][info][gc] GC(13) Pause Young (Allocation Failure) 13M->9M(15M) 1.446ms
[36.971s][info][gc] GC(14) Pause Young (Allocation Failure) 14M->14M(15M) 0.024ms
[36.984s][info][gc] GC(15) Pause Full (Allocation Failure) 14M->6M(15M) 13.366ms
[36.991s][info][gc] GC(16) Pause Young (Allocation Failure) 10M->6M(15M) 2.029ms
[36.997s][info][gc] GC(17) Pause Young (Allocation Failure) 11M->7M(15M) 1.298ms
[37.001s][info][gc] GC(18) Pause Young (Allocation Failure) 11M->7M(15M) 1.535ms
[37.006s][info][gc] GC(19) Pause Young (Allocation Failure) 12M->8M(15M) 1.671ms
[37.011s][info][gc] GC(20) Pause Young (Allocation Failure) 12M->9M(15M) 2.007ms
[37.016s][info][gc] GC(21) Pause Young (Allocation Failure) 13M->9M(15M) 1.970ms
[37.021s][info][gc] GC(22) Pause Young (Allocation Failure) 13M->10M(15M) 1.691ms
[38.041s][info][gc] GC(23) Pause Young (Allocation Failure) 14M->10M(15M) 2.457ms
[73.062s][info][gc] GC(24) Pause Young (Allocation Failure) 14M->14M(15M) 0.032ms
[73.076s][info][gc] GC(25) Pause Full (Allocation Failure) 14M->5M(15M) 13.502ms
[94.546s][info][gc] GC(26) Pause Young (Allocation Failure) 9M->5M(15M) 1.388ms
[94.552s][info][gc] GC(27) Pause Young (Allocation Failure) 10M->6M(15M) 2.326ms
[94.558s][info][gc] GC(28) Pause Young (Allocation Failure) 10M->6M(15M) 2.359ms
[94.563s][info][gc] GC(29) Pause Young (Allocation Failure) 11M->7M(15M) 2.362ms
[94.568s][info][gc] GC(30) Pause Young (Allocation Failure) 11M->7M(15M) 2.065ms
[94.573s][info][gc] GC(31) Pause Young (Allocation Failure) 12M->8M(15M) 1.627ms
[94.578s][info][gc] GC(32) Pause Young (Allocation Failure) 12M->8M(15M) 1.499ms
[94.582s][info][gc] GC(33) Pause Young (Allocation Failure) 13M->9M(15M) 1.906ms
[94.587s][info][gc] GC(34) Pause Young (Allocation Failure) 13M->9M(15M) 1.649ms
[94.591s][info][gc] GC(35) Pause Young (Allocation Failure) 14M->10M(15M) 2.282ms
[94.594s][info][gc] GC(36) Pause Young (Allocation Failure) 14M->14M(15M) 0.025ms
[94.609s][info][gc] GC(37) Pause Full (Allocation Failure) 14M->6M(15M) 14.976ms
[94.614s][info][gc] GC(38) Pause Young (Allocation Failure) 10M->7M(15M) 2.465ms
[94.617s][info][gc] GC(39) Pause Young (Allocation Failure) 11M->7M(15M) 1.116ms
[94.621s][info][gc] GC(40) Pause Young (Allocation Failure) 12M->8M(15M) 1.210ms
[94.625s][info][gc] GC(41) Pause Young (Allocation Failure) 12M->8M(15M) 1.897ms
[94.629s][info][gc] GC(42) Pause Young (Allocation Failure) 13M->9M(15M) 1.769ms
[94.633s][info][gc] GC(43) Pause Young (Allocation Failure) 13M->9M(15M) 1.734ms
[112.090s][info][gc] GC(44) Pause Young (Allocation Failure) 14M->9M(15M) 1.371ms
[151.045s][info][gc] GC(45) Pause Young (Allocation Failure) 14M->9M(15M) 0.639ms
